[
  {
    "type": "block_metadata_transaction",
    "version": "15",
    "hash": "0x526dca3f488f89090179d243fe8e787f2c66fdfc99eb9a1e09efa437fdbfa9ec",
    "state_root_hash": "0x4ad6ba25e4e686f29d0ed944021bf17dc43c5864e2786d207368cedb26bf8083",
    "event_root_hash": "0x6c3d8aa1ace74dab4f40a0eeb7129623f7ae87c786c542463bedae4e578d1a38",
    "gas_used": "0",
    "success": true,
    "vm_status": "Executed successfully",
    "accumulator_root_hash": "0x49109c6dcb94898686abe643ee5d1ce6754d3ec0b3e7cf086fcb2ec6312c15e5",
    "id": "0x4a876b463d1297603568c40e814d9d5396d23087a0fd641e91e0e00df6c012cd",
    "round": "1",
    "previous_block_votes": [],
    "proposer": "0x652f27413456938eaa059f65231647cc",
    "timestamp": "8"
  },
  {
    "type": "user_transaction",
    "version": "16",
    "hash": "0x8a05534f235f3fa3fc7677944094c0832fbb93105d78656c8d03f097bfbf46ca",
    "state_root_hash": "0x5f7e35b9f34927f173ea0cb4a8843d6a300e5d09c1f123e1aede1deef7c14696",
    "event_root_hash": "0x414343554d554c41544f525f504c414345484f4c4445525f4841534800000000",
    "gas_used": "412",
    "success": true,
    "vm_status": "Executed successfully",
    "accumulator_root_hash": "0x014ed3899b810bce32791205b11e58b7826cd8c1143fbebf7887266a72250ced",
    "sender": "0xa550c18",
    "sequence_number": "7",
    "max_gas_amount": "1000",
    "gas_unit_price": "0",
    "gas_currency_code": "XUS",
    "expiration_timestamp_secs": "18446744073709551615",
    "payload": {
      "type": "script_function_payload",
      "function": "0x1::AptosAccount::create_account",
      "type_arguments": [],
      "arguments": [
        "0x8547d921c8b210ec95e9a8c29ce83623",
        "0xfe1cab73ed03ccbb39ff2fe7763584f8e713918c55a91eb96590b1560bd61cd200"
      ]
    },
    "signature": {
      "type": "ed25519_signature",
      "public_key": "0xb9c6ee1630ef3e711144a648db06bbb2284f7274cfbee53ffcee503cc1a49200",
      "signature": "0xcf283730ea7efa30166c5340243a057427d73e25ce02c9c0f321aeeefbe0dca3b2d0c3f934fa971780e58c32f764488dd329f618b2bda60f477f17a6ae88ee02"
    },
    "events": [],
    "timestamp": "8"
  },
  {
    "type": "block_metadata_transaction",
    "version": "17",
    "hash": "0x2c4acb5ac07a31891ca4db42c4ae786ac1d671f73b7e3b37dabaf47a97fc8fba",
    "state_root_hash": "0xd6b1478f827d7eaa919d46c6d9ce3558d25cc62098d05644d638fce77d5a417d",
    "event_root_hash": "0xf1bcfce3d7626a09cda5e23e2fa9a9b758f1bda9785f508d546f515752b3d934",
    "gas_used": "0",
    "success": true,
    "vm_status": "Executed successfully",
    "accumulator_root_hash": "0x65d3c717f37b8fcf1867b38e6071b755f3c14dcca2b7c28fa1f5bebe95d3f7b7",
    "id": "0x464b5ca6488b897c005b2e17f00fc0bc8e7ed3f2ab59d607b0e3586bda1cda4e",
    "round": "1",
    "previous_block_votes": [],
    "proposer": "0x652f27413456938eaa059f65231647cc",
    "timestamp": "9"
  },
  {
    "type": "user_transaction",
    "version": "18",
    "hash": "0x10a511caf5aca7ae7360a50d873b20e37bfec6e63d03c8fa806616fc8b562ec7",
    "state_root_hash": "0x15ceeee96fd72d45596f267890dbe5ed1990be2449fae54ed3d75d9299a8cb8c",
    "event_root_hash": "0x414343554d554c41544f525f504c414345484f4c4445525f4841534800000000",
    "gas_used": "412",
    "success": true,
    "vm_status": "Executed successfully",
    "accumulator_root_hash": "0x47217a3f8c3ab6f487b1f73d093cf3705a3d2d44f790b5e159be062cd8f53e1d",
    "sender": "0xa550c18",
    "sequence_number": "8",
    "max_gas_amount": "1000",
    "gas_unit_price": "0",
    "gas_currency_code": "XUS",
    "expiration_timestamp_secs": "18446744073709551615",
    "payload": {
      "type": "script_function_payload",
      "function": "0x1::AptosAccount::create_account",
      "type_arguments": [],
      "arguments": [
        "0xcfcd641696135b76cd1cbf28f79e134c",
        "0xcc94f7e7e252620621a3d528d2e2dd39ec89bccac07c0b6044c77fb53fcbe58200"
      ]
    },
    "signature": {
      "type": "ed25519_signature",
      "public_key": "0xb9c6ee1630ef3e711144a648db06bbb2284f7274cfbee53ffcee503cc1a49200",
      "signature": "0x54b6fef3618d9824c3d65d1893ff4ac7b3306c44a62189e587a7121860b8a1b92321ad0a1986f9f842f002517435320f1c7bfc567be8286645764b8a7c5d9d01"
    },
    "events": [],
    "timestamp": "9"
  },
  {
    "type": "block_metadata_transaction",
    "version": "19",
    "hash": "0x3aa88bc95e6b60c1a41dc06abc106c983f487bda452d0cd50e59e15f044652b4",
    "state_root_hash": "0xa5d6c95a19281709f2702f85e06bbce4fce3aea33d5e9c95493db30e8b7120bd",
    "event_root_hash": "0x3b26c6f98fb85be5f5e1821caa69040e2bf3a5e4d53e5f6dcc0cbbe41b460ddd",
    "gas_used": "0",
    "success": true,
    "vm_status": "Executed successfully",
    "accumulator_root_hash": "0x517756564f823d99470ee426267b505aee02fb0f2481101e9686e5c7c0d158a1",
    "id": "0x19d258b113d8e3e12bca2aa612b304ece5b25988818dd7234e049913233eb918",
    "round": "1",
    "previous_block_votes": [],
    "proposer": "0x652f27413456938eaa059f65231647cc",
    "timestamp": "10"
  },
  {
    "type": "user_transaction",
    "version": "20",
    "hash": "0x93c693e55705b30dc37c6d53d0b481c9baab5602dd8202bb4cb5a745a7f134e2",
    "state_root_hash": "0xaf45dd38ccffb69fc42a49add2f7c85daf8e4bc3c6701d98c8afb9120fbcdb75",
    "event_root_hash": "0x414343554d554c41544f525f504c414345484f4c4445525f4841534800000000",
    "gas_used": "412",
    "success": true,
    "vm_status": "Executed successfully",
    "accumulator_root_hash": "0xabe7057a530d9d8eec1ce56ea6c1f9269905ce8ad694e0cc101c4ed8f517d96e",
    "sender": "0xa550c18",
    "sequence_number": "9",
    "max_gas_amount": "1000",
    "gas_unit_price": "0",
    "gas_currency_code": "XUS",
    "expiration_timestamp_secs": "18446744073709551615",
    "payload": {
      "type": "script_function_payload",
      "function": "0x1::AptosAccount::create_account",
      "type_arguments": [],
      "arguments": [
        "0xd5c6bedea6f4cafe97677ac6e39d7333",
        "0xcdc0e9ef90da94053246561659802a50c17bae7a60c4069af35f061e19f3e2b800"
      ]
    },
    "signature": {
      "type": "ed25519_signature",
      "public_key": "0xb9c6ee1630ef3e711144a648db06bbb2284f7274cfbee53ffcee503cc1a49200",
      "signature": "0x0e633461a3492821d0b92d83dbdf6346598aa70aa4470af823aba77dec7c58caa9ddc143675b163e63e6436971f0c56acde3e6a8c0b7d82ef0112d15aa17990a"
    },
    "events": [],
    "timestamp": "10"
  },
  {
    "type": "block_metadata_transaction",
    "version": "21",
    "hash": "0x9e4b0d58dad4ed32e0a63b37019b0172d2adf4fd478d84b05ff69f0fdf62d045",
    "state_root_hash": "0x72c31360c7c08753ccf603ef7acf4d3ffc7864e2f6156526e7a240b5d1172210",
    "event_root_hash": "0xfb181ebfdf6dfe3146f550cb75fb74e3c113941e0ef4d55a21645fda801c36e0",
    "gas_used": "0",
    "success": true,
    "vm_status": "Executed successfully",
    "accumulator_root_hash": "0x21203d958383d8a1368bfbf8b9337c001615648d86558ee7020d7ade4986a03f",
    "id": "0xb99003d30a245ac74a02e26e45cb80ee1b9c00a93345ce5f12bea9ffe04748d6",
    "round": "1",
    "previous_block_votes": [],
    "proposer": "0x652f27413456938eaa059f65231647cc",
    "timestamp": "11"
  },
  {
    "type": "user_transaction",
    "version": "22",
    "hash": "0x08067cab07ee25c3290d79905a34e1c45ada7b969a09266af0440fa29779dfc3",
    "state_root_hash": "0xacd8732246530a6625a7826387f3401899e17faacc726bf2b81e82ca9104e37c",
    "event_root_hash": "0x414343554d554c41544f525f504c414345484f4c4445525f4841534800000000",
    "gas_used": "412",
    "success": true,
    "vm_status": "Executed successfully",
    "accumulator_root_hash": "0x5089a4b09afe4d0d88f9ee7f899bb5623eba57b494c42788468564c57ab7c8ae",
    "sender": "0xa550c18",
    "sequence_number": "10",
    "max_gas_amount": "1000",
    "gas_unit_price": "0",
    "gas_currency_code": "XUS",
    "expiration_timestamp_secs": "18446744073709551615",
    "payload": {
      "type": "script_function_payload",
      "function": "0x1::AptosAccount::create_account",
      "type_arguments": [],
      "arguments": [
        "0x1232c8cbdd579ba57478b26e5876da5f",
        "0x29efcd781cecc53312e7bfd8b14341eac68b2e3041f6ab8e5ad36766dd44b02000"
      ]
    },
    "signature": {
      "type": "ed25519_signature",
      "public_key": "0xb9c6ee1630ef3e711144a648db06bbb2284f7274cfbee53ffcee503cc1a49200",
      "signature": "0x2650c42a528d9b88d822e99b346237cfbbc22664ac8acf3f567fc1b5ce330460181b437b38d80f25f5d854b9ac3763737866508b9d622b07fe2b219ba81d7103"
    },
    "events": [],
    "timestamp": "11"
  },
  {
    "type": "block_metadata_transaction",
    "version": "23",
    "hash": "0x30525d15813aea2cb40d7d25c89f4cbaf41edd17b2efa04d39fafd934be04bda",
    "state_root_hash": "0xcd5df63b80bb805cc4e6f39504f5cc31c321860a0d469322fb7c3e4a6f4bc314",
    "event_root_hash": "0x38bfe3d146f65c7a7eb998d09a74d2c777200d6df9ed12e4dcdd9e5bc259bb18",
    "gas_used": "0",
    "success": true,
    "vm_status": "Executed successfully",
    "accumulator_root_hash": "0xa52ba1b80cc372b4e48f8df61c2721b6cebca8daa3ae1efadac8134f030bc274",
    "id": "0xea95b8f9082c10620c0d6e3fc9596b4538d0dc24bec371bb3e4634561f8892e6",
    "round": "1",
    "previous_block_votes": [],
    "proposer": "0x652f27413456938eaa059f65231647cc",
    "timestamp": "12"
  },
  {
    "type": "user_transaction",
    "version": "24",
    "hash": "0xef904d2e3cfad82e8cef84c80c8df5da87faf2dfcd8eea6b8930b99741f67267",
    "state_root_hash": "0x5b11dc7235e3ca3939fe48df9ed2c7f1dfc5f6129aae9c8b2328d4c3d6da559c",
    "event_root_hash": "0x414343554d554c41544f525f504c414345484f4c4445525f4841534800000000",
    "gas_used": "412",
    "success": true,
    "vm_status": "Executed successfully",
    "accumulator_root_hash": "0x449e11259c8ae1050441320797249e35cbc3938bee786134c6fa2d04aa5f5f65",
    "sender": "0xa550c18",
    "sequence_number": "11",
    "max_gas_amount": "1000",
    "gas_unit_price": "0",
    "gas_currency_code": "XUS",
    "expiration_timestamp_secs": "18446744073709551615",
    "payload": {
      "type": "script_function_payload",
      "function": "0x1::AptosAccount::create_account",
      "type_arguments": [],
      "arguments": [
        "0xbfd43be9f8c75bbdca45560958bc65a9",
        "0x3a61e2bd269af39e423b1db47ee68460b30f95dd622bc8db3ffaa0100ab79c9b00"
      ]
    },
    "signature": {
      "type": "ed25519_signature",
      "public_key": "0xb9c6ee1630ef3e711144a648db06bbb2284f7274cfbee53ffcee503cc1a49200",
      "signature": "0xcf401842a53458a48235494947f7958a0ae72bc009eeda46bb55db23818d1e999c0455ffabadc87d8db25770e2523ae4c5d49c9b7548729172c005fffca66405"
    },
    "events": [],
    "timestamp": "12"
  },
  {
    "type": "block_metadata_transaction",
    "version": "25",
    "hash": "0x1f09eea045f1f87f558b62ea7d5a65bd00456340568af52c24c9796ef18f18c5",
    "state_root_hash": "0x1f23762d3cd53615446b487b38e47b1d2bf9baa7eb0030b47a6a325360352448",
    "event_root_hash": "0x43a5e9de1e8e3f0d7917c931aa3f294bd9d5f0bcb347ca96589880de8f1410b5",
    "gas_used": "0",
    "success": true,
    "vm_status": "Executed successfully",
    "accumulator_root_hash": "0x082f908983ef805251e6cc3ce45fcb455d53cb6142a57be30e45be4283a5b597",
    "id": "0xa229ec3dd885442b44972526c4e8ce25a0416c3955d818bb1ab0e832877d6282",
    "round": "1",
    "previous_block_votes": [],
    "proposer": "0x652f27413456938eaa059f65231647cc",
    "timestamp": "13"
  },
  {
    "type": "user_transaction",
    "version": "26",
    "hash": "0x6cf91160635a94d14633031255309023c4489a09a834d8815146ad4f4de184d8",
    "state_root_hash": "0x80334c8cd1228f483c0c370996605caeaadbfd7431e0f6979c60910667d89f79",
    "event_root_hash": "0x414343554d554c41544f525f504c414345484f4c4445525f4841534800000000",
    "gas_used": "412",
    "success": true,
    "vm_status": "Executed successfully",
    "accumulator_root_hash": "0xecff311c1e92145721b967c74d0ef5ebde0c6de803b10d0928c1f1aa3f6f2307",
    "sender": "0xa550c18",
    "sequence_number": "12",
    "max_gas_amount": "1000",
    "gas_unit_price": "0",
    "gas_currency_code": "XUS",
    "expiration_timestamp_secs": "18446744073709551615",
    "payload": {
      "type": "script_function_payload",
      "function": "0x1::AptosAccount::create_account",
      "type_arguments": [],
      "arguments": [
        "0xfaa9cef6cf313477409c6ca6462bdbec",
        "0x899534e95e09903759622fa4013a7daaa97d52b49e6205ae583f6321c8487a8300"
      ]
    },
    "signature": {
      "type": "ed25519_signature",
      "public_key": "0xb9c6ee1630ef3e711144a648db06bbb2284f7274cfbee53ffcee503cc1a49200",
      "signature": "0x058f8d22b61817ca2890d35a3830494e2038f0b9ca9e6f306da42e160114f69d5966d17c09c9e5f5c59a2da4a0170d8d0c5db7d05feb41054df7d8f2f9ae9608"
    },
    "events": [],
    "timestamp": "13"
  },
  {
    "type": "block_metadata_transaction",
    "version": "27",
    "hash": "0xf3baeed96e40daf862d3ca52fae430ff5e2d6cc8e0022d384c4949a1a6d60954",
    "state_root_hash": "0x9feb8b000666dd0bea8697d796bbfbb28f392950e5dff7db900111c4a80868ba",
    "event_root_hash": "0xae543232b97e050982a5bdf360fa239a1f2e9d74d86d1f4bfcaf455160f1db4c",
    "gas_used": "0",
    "success": true,
    "vm_status": "Executed successfully",
    "accumulator_root_hash": "0xd802c40c47ee0572c2006b7936bb4ed3dc68508c0f523a5e31565907134909c9",
    "id": "0x80ec4f332f4d1a6742c537f2bb32473b01b1dcb1caac942722a4787bb185e479",
    "round": "1",
    "previous_block_votes": [],
    "proposer": "0x652f27413456938eaa059f65231647cc",
    "timestamp": "14"
  },
  {
    "type": "user_transaction",
    "version": "28",
    "hash": "0xcb4d3bf486a72c04e0deaedfe47a7008bcf93a1f7c3334334060980781831fb9",
    "state_root_hash": "0x496da3ea4214948fb3497ecc6f0788ba5c80bb7021745ad280391b80a6bd848b",
    "event_root_hash": "0x414343554d554c41544f525f504c414345484f4c4445525f4841534800000000",
    "gas_used": "412",
    "success": true,
    "vm_status": "Executed successfully",
    "accumulator_root_hash": "0x60c99fd1895d466b025e79ee6109c1aad9e8386016620c56e4db8c84ac4568b7",
    "sender": "0xa550c18",
    "sequence_number": "13",
    "max_gas_amount": "1000",
    "gas_unit_price": "0",
    "gas_currency_code": "XUS",
    "expiration_timestamp_secs": "18446744073709551615",
    "payload": {
      "type": "script_function_payload",
      "function": "0x1::AptosAccount::create_account",
      "type_arguments": [],
      "arguments": [
        "0x5b997e19c80a36a9eccea767b263f2a4",
        "0x817e8d554950eed55a5f8006abb83777b3811df50e59a39ec3a16fad30158e6600"
      ]
    },
    "signature": {
      "type": "ed25519_signature",
      "public_key": "0xb9c6ee1630ef3e711144a648db06bbb2284f7274cfbee53ffcee503cc1a49200",
      "signature": "0xb9acba98cacfd2f9039bfce8dcdfc9d591995b6b0784e87cfe000f2b3346350077886a9d19f44237996a77040f101d0400b5594e1e1363ae1b1b4539e52b690d"
    },
    "events": [],
    "timestamp": "14"
  },
  {
    "type": "block_metadata_transaction",
    "version": "29",
    "hash": "0x8ea6dccd9cdcafcfc0caed82283e4f992672cffaf4af0f10e04b943e3338824a",
    "state_root_hash": "0x1240c23eddb28b1b3db39af516f0b2eb0f13841c94810393c1976462ed689546",
    "event_root_hash": "0x1bf1a8ab4108b3d0a76bbc2bdbcaa33991599ad70b431f71148b614ed0816c49",
    "gas_used": "0",
    "success": true,
    "vm_status": "Executed successfully",
    "accumulator_root_hash": "0xac119d0bff99b9ca24b7535b07b096f6778c5e05785ec2a8b6257c759c3f2e0a",
    "id": "0x842f736ab973e87f53b4857842789a1dd59167629b3c5cabe47dbf48827ec081",
    "round": "1",
    "previous_block_votes": [],
    "proposer": "0x652f27413456938eaa059f65231647cc",
    "timestamp": "15"
  },
  {
    "type": "user_transaction",
    "version": "30",
    "hash": "0xc9edcf47303d23974987d991caae20cc3191d138206a1b9d5c2411daaa752c67",
    "state_root_hash": "0x1d3f67fb7773d16c1b5a7b0a0c78d6c5a2237c0ff90e4c97899b97233cb39baa",
    "event_root_hash": "0x414343554d554c41544f525f504c414345484f4c4445525f4841534800000000",
    "gas_used": "412",
    "success": true,
    "vm_status": "Executed successfully",
    "accumulator_root_hash": "0x0df02276eed174c1f15d6b075a47b281a99836bbec6d9cfa8ff05bc7292ccf86",
    "sender": "0xa550c18",
    "sequence_number": "14",
    "max_gas_amount": "1000",
    "gas_unit_price": "0",
    "gas_currency_code": "XUS",
    "expiration_timestamp_secs": "18446744073709551615",
    "payload": {
      "type": "script_function_payload",
      "function": "0x1::AptosAccount::create_account",
      "type_arguments": [],
      "arguments": [
        "0xe94a75bf429a1e83bc2f5f605780c345",
        "0xf87e6ecf5be8befde61d985237a748eea73b5ea001a8d7f22fdc9f6486a83e3a00"
      ]
    },
    "signature": {
      "type": "ed25519_signature",
      "public_key": "0xb9c6ee1630ef3e711144a648db06bbb2284f7274cfbee53ffcee503cc1a49200",
      "signature": "0x503301bc22fbbf7653b6859156ecba6d1e7767d6f91ec8494fb2cb2ff05372681f26d7fd25c108541a17f1c63f70a6be9ea14442ce99d3de467970b7cc781903"
    },
    "events": [],
    "timestamp": "15"
  },
  {
    "type": "block_metadata_transaction",
    "version": "31",
    "hash": "0xaf987802bd15fcd766b9bc1f420d110bb0732c35222bfd57b298a869ff45362d",
    "state_root_hash": "0x94d48134103c69daf01e4865360612271cf85550d6f8bdbf443505aa547c01e8",
    "event_root_hash": "0xc6bca78d15e068b3bf4a622e1ccc5280d4836a49ba08637ad17cdc4d7c866890",
    "gas_used": "0",
    "success": true,
    "vm_status": "Executed successfully",
    "accumulator_root_hash": "0x8dd6923092a3f78817286797472156d513b13a53b19e95456b2ebf44288c1707",
    "id": "0x3beda43d6e9f9b1b1bc44cdfce3574e7f7f0b2de2323a06ebc356bad614726b3",
    "round": "1",
    "previous_block_votes": [],
    "proposer": "0x652f27413456938eaa059f65231647cc",
    "timestamp": "16"
  },
  {
    "type": "user_transaction",
    "version": "32",
    "hash": "0xec40e61a4f3aea286fb7b9067511df76c81f8536e78840da64167b437d79b7ff",
    "state_root_hash": "0x995831fcc7f09b6a0bb28f8f6fa27f6ced9860ce0c600abc4359494934795a61",
    "event_root_hash": "0x414343554d554c41544f525f504c414345484f4c4445525f4841534800000000",
    "gas_used": "412",
    "success": true,
    "vm_status": "Executed successfully",
    "accumulator_root_hash": "0x7db7a81d70d4dd42a8cccfe2c0b843c71f2fd3d7c1f9c55167254683fa22673a",
    "sender": "0xa550c18",
    "sequence_number": "15",
    "max_gas_amount": "1000",
    "gas_unit_price": "0",
    "gas_currency_code": "XUS",
    "expiration_timestamp_secs": "18446744073709551615",
    "payload": {
      "type": "script_function_payload",
      "function": "0x1::AptosAccount::create_account",
      "type_arguments": [],
      "arguments": [
        "0x8797e5ab659071fc7f4ed8285963fbbc",
        "0xb7846b6adb66fd34aba8733746ec605adfc8f9e2abe66482619f6a9699b6152b00"
      ]
    },
    "signature": {
      "type": "ed25519_signature",
      "public_key": "0xb9c6ee1630ef3e711144a648db06bbb2284f7274cfbee53ffcee503cc1a49200",
      "signature": "0x0fdf01f454cdb70d014bf7b31d1515811f04d0bdf77bf20de98d566abef47d080116d94d88618cbfbe21528da589d414f0a70508591369f46f8f9abe9625a400"
    },
    "events": [],
    "timestamp": "16"
  },
  {
    "type": "block_metadata_transaction",
    "version": "33",
    "hash": "0x51e74334d0f0accc25074289e9ac48730bd39d902ddbc4d47992ef545c8989e8",
    "state_root_hash": "0x0c91c7cd5e801a1069fb2c02b4ddbbfad635b59e9b0e7f72bf4217d6b1e7f03a",
    "event_root_hash": "0x6a149f5dc226a02c6126e711a85681b6db4e66b3d5a3895db7a8bea1298df525",
    "gas_used": "0",
    "success": true,
    "vm_status": "Executed successfully",
    "accumulator_root_hash": "0xc25da9f7d66161cba508360193f9299441d65a70b174dc82dd2112a06fa6aee8",
    "id": "0x755687120a7c6df2389c373c8fbe06bda7a61120652668dd5687fee73fac7a2c",
    "round": "1",
    "previous_block_votes": [],
    "proposer": "0x652f27413456938eaa059f65231647cc",
    "timestamp": "17"
  },
  {
    "type": "user_transaction",
    "version": "34",
    "hash": "0x40b4b1814a9a96fcf2627d553b07546bfe0da54bf5dc0af3b65e9dda08b28057",
    "state_root_hash": "0xa6042c349f3c2e6225a664802d75879950d2aad77a72ec130b9f78796cbc8cb3",
    "event_root_hash": "0x414343554d554c41544f525f504c414345484f4c4445525f4841534800000000",
    "gas_used": "412",
    "success": true,
    "vm_status": "Executed successfully",
    "accumulator_root_hash": "0x3c54c75e089a3eaf756c9f1157dc4f9e87309fb0ebbc88a75ee7c2d1456d5890",
    "sender": "0xa550c18",
    "sequence_number": "16",
    "max_gas_amount": "1000",
    "gas_unit_price": "0",
    "gas_currency_code": "XUS",
    "expiration_timestamp_secs": "18446744073709551615",
    "payload": {
      "type": "script_function_payload",
      "function": "0x1::AptosAccount::create_account",
      "type_arguments": [],
      "arguments": [
        "0x711d07e26b682d3f8b6bb9f6fa804332",
        "0xd1018fc096da5fe0f58b1758ec1a72f226fd6ab70158554816cd4bb62f2610d000"
      ]
    },
    "signature": {
      "type": "ed25519_signature",
      "public_key": "0xb9c6ee1630ef3e711144a648db06bbb2284f7274cfbee53ffcee503cc1a49200",
      "signature": "0x1d91b9d2c7102b4cfa2af11a51a0105afddd83340f9f2cbcfa075c7c5233d75460779a6bf13a0c3a1fa8e3aef249307042bb0348a63e29bbe91cdf2c058e5b0f"
    },
    "events": [],
    "timestamp": "17"
  },
  {
    "type": "block_metadata_transaction",
    "version": "35",
    "hash": "0x8046e0a73d533a560f321416a55a4100db149db8299ac3111837b7745945332a",
    "state_root_hash": "0x99ef069813bc7f261bb262a72d0fc784514d6fd3b32bab869de05eb0dddf3c66",
    "event_root_hash": "0x2d346b0a3ba273d3fe32da10ef6e10556d6d9965133de9c30c3789113c5aaa02",
    "gas_used": "0",
    "success": true,
    "vm_status": "Executed successfully",
    "accumulator_root_hash": "0xbacd4252c06c5fc35333a1a7517eadc3a52a5aa8b6c9116a10ee8e6739ea3ae4",
    "id": "0x430d191fbc937d42f74104aa291871f4b9d120f76583a1da5d1123f2b8a0ac60",
    "round": "1",
    "previous_block_votes": [],
    "proposer": "0x652f27413456938eaa059f65231647cc",
    "timestamp": "18"
  },
  {
    "type": "user_transaction",
    "version": "36",
    "hash": "0x81f6800a068df0b5ce868b3ef6e5ba03cfbe30e09b09a99fd84f77a2678a6544",
    "state_root_hash": "0x5e4cb53739cf61b0dcf8f9314ba4b2e2cb6864a08456c9b9038998e92abda530",
    "event_root_hash": "0x414343554d554c41544f525f504c414345484f4c4445525f4841534800000000",
    "gas_used": "412",
    "success": true,
    "vm_status": "Executed successfully",
    "accumulator_root_hash": "0x5b3000e6be00f519c5eace2a06845c8c651e5dfd388d77d7db845894b5a16411",
    "sender": "0xa550c18",
    "sequence_number": "17",
    "max_gas_amount": "1000",
    "gas_unit_price": "0",
    "gas_currency_code": "XUS",
    "expiration_timestamp_secs": "18446744073709551615",
    "payload": {
      "type": "script_function_payload",
      "function": "0x1::AptosAccount::create_account",
      "type_arguments": [],
      "arguments": [
        "0x66456c6c26ed271769be71ec85920331",
        "0x9c9827b0f7be2e218b24c7a5d57bf168341a3af5e7ac388c53e56aaf27920b7400"
      ]
    },
    "signature": {
      "type": "ed25519_signature",
      "public_key": "0xb9c6ee1630ef3e711144a648db06bbb2284f7274cfbee53ffcee503cc1a49200",
      "signature": "0x5c277ad1b144ce183ea35cb3886b41762f3ada5a6acdc6ef1d6278d8fe494081e9da6729c73cd4b4c3276391655d622a70fb0992712789a898bbc094c3683900"
    },
    "events": [],
    "timestamp": "18"
  },
  {
    "type": "block_metadata_transaction",
    "version": "37",
    "hash": "0xa155e400857a3922185e253ce4fbdd80feb2cfa1a4a61a155fc27dd5e2eff968",
    "state_root_hash": "0xd6c9ebc86d333d6ff62a3deb47d0e99308549ce7266802993a8b4bb2eb486363",
    "event_root_hash": "0xe91a4411a911ff65cdb5cee2b1358e49b4a63923fe53742fa1dc52482b5ffca8",
    "gas_used": "0",
    "success": true,
    "vm_status": "Executed successfully",
    "accumulator_root_hash": "0xda386c1e67d9f8e5f0e3e85c7e5fbdb2a61045d2fa09dc7f4a7be6d24bc35327",
    "id": "0x2af5203112331adc2ed6f402dca396bfe6dfa3ac8a57ea08860870fd515cf7ca",
    "round": "1",
    "previous_block_votes": [],
    "proposer": "0x652f27413456938eaa059f65231647cc",
    "timestamp": "19"
  },
  {
    "type": "user_transaction",
    "version": "38",
    "hash": "0xac60179e50c141667c3808373dfef221b3305b15fcfebd46961bf73771e67154",
    "state_root_hash": "0xeda22d8211b3d07a0cf6f44c030a8e7550fcfd77e1efc6c80a75441808a9e13c",
    "event_root_hash": "0x414343554d554c41544f525f504c414345484f4c4445525f4841534800000000",
    "gas_used": "412",
    "success": true,
    "vm_status": "Executed successfully",
    "accumulator_root_hash": "0xe56eaf3dee6b13e1f49e3a983ecfcaee286ce53e0392832fd01af08db1c0bbef",
    "sender": "0xa550c18",
    "sequence_number": "18",
    "max_gas_amount": "1000",
    "gas_unit_price": "0",
    "gas_currency_code": "XUS",
    "expiration_timestamp_secs": "18446744073709551615",
    "payload": {
      "type": "script_function_payload",
      "function": "0x1::AptosAccount::create_account",
      "type_arguments": [],
      "arguments": [
        "0xbd7c2167f944102d2dd80ab33f8491b2",
        "0xfb5f4f73cc982308deb015312469a59aaeda43d1f41f988effa09df3050a6d1e00"
      ]
    },
    "signature": {
      "type": "ed25519_signature",
      "public_key": "0xb9c6ee1630ef3e711144a648db06bbb2284f7274cfbee53ffcee503cc1a49200",
      "signature": "0x60411fa38a48d7250d5a913c8d010348cace97e99d718b95d309b3f0f5eedcb7b34deb8c0baa1d9a1a4ddf137f388af63674d7aee6eac577881eb8f56a43060a"
    },
    "events": [],
    "timestamp": "19"
  },
  {
    "type": "block_metadata_transaction",
    "version": "39",
    "hash": "0x4fed55708ccd56d41ad80d5ab44f5bf678fb1ca731fbb75e65230a8aacee3a0d",
    "state_root_hash": "0x2c79bd941bcea89663264fd54ff588c21b15fea315624797a2ae5741157342dc",
    "event_root_hash": "0x911ae0efce757e441d6cd6e6d2e9b5e12ef0fbe670d3635e8a5b88583863725a",
    "gas_used": "0",
    "success": true,
    "vm_status": "Executed successfully",
    "accumulator_root_hash": "0x38d8589f31adbd82ccd7b6146e57e7e9860405815d3a3727fdae4a36753cf4fb",
    "id": "0xe451cd3c364076623c0231898be0722c08e4eb229c44cb957d29cf7370af8a1b",
    "round": "1",
    "previous_block_votes": [],
    "proposer": "0x652f27413456938eaa059f65231647cc",
    "timestamp": "20"
  }
]
